[mutationmedia.net/MOUSIQUA/index.html]
[backblue.gif]
[fade.gif]
[index.html]
[mutationmedia.net/MOUSIQUA/img/1.jpg]
[mutationmedia.net/MOUSIQUA/img/2.jpg]
[mutationmedia.net/MOUSIQUA/img/album/5.jpg]
[mutationmedia.net/MOUSIQUA/mp3/01.mp3]
[mutationmedia.net/MOUSIQUA/img/25.jpg]
[mutationmedia.net/MOUSIQUA/album-single.html]
[mutationmedia.net/MOUSIQUA/img/album/1.jpg]
[mutationmedia.net/MOUSIQUA/img/album/2.jpg]
[mutationmedia.net/MOUSIQUA/img/album/3.jpg]
[mutationmedia.net/MOUSIQUA/img/album/4.jpg]
[mutationmedia.net/MOUSIQUA/img/4.jpg]
[mutationmedia.net/MOUSIQUA/img/5.jpg]
[mutationmedia.net/MOUSIQUA/img/6.jpg]
[mutationmedia.net/MOUSIQUA/img/7.jpg]
[mutationmedia.net/MOUSIQUA/img/8.jpg]
[mutationmedia.net/MOUSIQUA/img/9.jpg]
[mutationmedia.net/MOUSIQUA/img/24.jpg]
[mutationmedia.net/MOUSIQUA/img/10.jpg]
[mutationmedia.net/MOUSIQUA/img/11.jpg]
[mutationmedia.net/MOUSIQUA/img/12.jpg]
[mutationmedia.net/MOUSIQUA/img/13.jpg]
[mutationmedia.net/MOUSIQUA/img/20.jpg]
[mutationmedia.net/MOUSIQUA/img/14.jpg]
[mutationmedia.net/MOUSIQUA/img/15.jpg]
[mutationmedia.net/MOUSIQUA/img/16.jpg]
[mutationmedia.net/MOUSIQUA/img/17.jpg]
[mutationmedia.net/MOUSIQUA/img/18.jpg]
[mutationmedia.net/MOUSIQUA/img/19.jpg]
[mutationmedia.net/MOUSIQUA/js/jquery-1.12.4.min.js]
[mutationmedia.net/MOUSIQUA/js/jquery.flexslider-min.js]
[mutationmedia.net/MOUSIQUA/js/smooth-scroll.js]
[mutationmedia.net/MOUSIQUA/js/jquery.magnific-popup.min.js]
[mutationmedia.net/MOUSIQUA/js/audio.min.js]
[mutationmedia.net/MOUSIQUA/js/twitterFetcher_min.js]
[mutationmedia.net/MOUSIQUA/js/jquery.countdown.min.js]
[mutationmedia.net/MOUSIQUA/js/placeholders.min.js]
[mutationmedia.net/MOUSIQUA/js/script.js]
[mutationmedia.net/MOUSIQUA/index.html]
[mutationmedia.net/MOUSIQUA/css/bootstrap.css]
[mutationmedia.net/MOUSIQUA/css/base.css]
[mutationmedia.net/MOUSIQUA/css/main.css]
[mutationmedia.net/MOUSIQUA/css/flexslider.css]
[mutationmedia.net/MOUSIQUA/css/magnific-popup.css]
[mutationmedia.net/MOUSIQUA/font/Socicon55e1.eot]
[mutationmedia.net/MOUSIQUA/font/Socicon55e1.woff2]
[mutationmedia.net/MOUSIQUA/font/Socicon55e1.ttf]
[mutationmedia.net/MOUSIQUA/font/Socicon55e1.woff]
[mutationmedia.net/MOUSIQUA/font/fontellob69f.eot]
[mutationmedia.net/MOUSIQUA/font/fontellob69f.woff2]
[mutationmedia.net/MOUSIQUA/font/fontellob69f.woff]
[mutationmedia.net/MOUSIQUA/font/fontellob69f.ttf]
[mutationmedia.net/MOUSIQUA/css/fonts.css]
[mutationmedia.net/MOUSIQUA/img/21.jpg]
[mutationmedia.net/MOUSIQUA/index-2.html]
[mutationmedia.net/MOUSIQUA/img/album/6.jpg]
[mutationmedia.net/MOUSIQUA/album-single.html]
[mutationmedia.net/MOUSIQUA/font/Socicon55e1.svg]
[mutationmedia.net/MOUSIQUA/font/fontellob69f.svg]
[mutationmedia.net/MOUSIQUA/index-2.html]
